<!doctype html public "-//w3c//dtd html 4.0 transitional//en">
<html><head>
<title>Static Call Graph - [./build/Debug/ciu32f003_template.axf]</title></head>
<body><HR>
<H1>Static Call Graph for image ./build/Debug/ciu32f003_template.axf</H1><HR>
<BR><P>#&#060CALLGRAPH&#062# ARM Linker, 6240002: Last Updated: Fri Nov 28 20:56:29 2025
<BR><P>
<H3>Maximum Stack Usage =        164 bytes + Unknown(Cycles, Untraceable Function Pointers)</H3><H3>
Call chain for Maximum Stack Depth:</H3>
main &rArr; ConfigRepo_Init &rArr; ConfigRepo_FactoryReset &rArr; ConfigRepo_Save &rArr; JPA_Save &rArr; Drv_Flash_WriteWord &rArr; _ISP_ProgramWord
<P>
<H3>
Mutually Recursive functions
</H3> <LI><a href="#[1]">NMI_Handler</a>&nbsp;&nbsp;&nbsp;&rArr;&nbsp;&nbsp;&nbsp;<a href="#[1]">NMI_Handler</a><BR>
 <LI><a href="#[2]">HardFault_Handler</a>&nbsp;&nbsp;&nbsp;&rArr;&nbsp;&nbsp;&nbsp;<a href="#[2]">HardFault_Handler</a><BR>
 <LI><a href="#[3]">SVC_Handler</a>&nbsp;&nbsp;&nbsp;&rArr;&nbsp;&nbsp;&nbsp;<a href="#[3]">SVC_Handler</a><BR>
 <LI><a href="#[4]">PendSV_Handler</a>&nbsp;&nbsp;&nbsp;&rArr;&nbsp;&nbsp;&nbsp;<a href="#[4]">PendSV_Handler</a><BR>
 <LI><a href="#[5]">SysTick_Handler</a>&nbsp;&nbsp;&nbsp;&rArr;&nbsp;&nbsp;&nbsp;<a href="#[5]">SysTick_Handler</a><BR>
 <LI><a href="#[b]">ADC_COMP_IRQHandler</a>&nbsp;&nbsp;&nbsp;&rArr;&nbsp;&nbsp;&nbsp;<a href="#[b]">ADC_COMP_IRQHandler</a><BR>
</UL>
<P>
<H3>
Function Pointers
</H3><UL>
 <LI><a href="#[b]">ADC_COMP_IRQHandler</a> from startup_ciu32f003.o(.text) referenced from startup_ciu32f003.o(RESET)
 <LI><a href="#[8]">EXTI0_1_IRQHandler</a> from startup_ciu32f003.o(.text) referenced from startup_ciu32f003.o(RESET)
 <LI><a href="#[9]">EXTI2_3_IRQHandler</a> from startup_ciu32f003.o(.text) referenced from startup_ciu32f003.o(RESET)
 <LI><a href="#[a]">EXTI4_7_IRQHandler</a> from startup_ciu32f003.o(.text) referenced from startup_ciu32f003.o(RESET)
 <LI><a href="#[6]">FLASH_IRQHandler</a> from startup_ciu32f003.o(.text) referenced from startup_ciu32f003.o(RESET)
 <LI><a href="#[2]">HardFault_Handler</a> from startup_ciu32f003.o(.text) referenced from startup_ciu32f003.o(RESET)
 <LI><a href="#[10]">I2C1_IRQHandler</a> from startup_ciu32f003.o(.text) referenced from startup_ciu32f003.o(RESET)
 <LI><a href="#[f]">LPTIM1_IRQHandler</a> from startup_ciu32f003.o(.text) referenced from startup_ciu32f003.o(RESET)
 <LI><a href="#[1]">NMI_Handler</a> from startup_ciu32f003.o(.text) referenced from startup_ciu32f003.o(RESET)
 <LI><a href="#[4]">PendSV_Handler</a> from startup_ciu32f003.o(.text) referenced from startup_ciu32f003.o(RESET)
 <LI><a href="#[7]">RCC_IRQHandler</a> from startup_ciu32f003.o(.text) referenced from startup_ciu32f003.o(RESET)
 <LI><a href="#[0]">Reset_Handler</a> from startup_ciu32f003.o(.text) referenced from startup_ciu32f003.o(RESET)
 <LI><a href="#[11]">SPI1_IRQHandler</a> from startup_ciu32f003.o(.text) referenced from startup_ciu32f003.o(RESET)
 <LI><a href="#[3]">SVC_Handler</a> from startup_ciu32f003.o(.text) referenced from startup_ciu32f003.o(RESET)
 <LI><a href="#[5]">SysTick_Handler</a> from startup_ciu32f003.o(.text) referenced from startup_ciu32f003.o(RESET)
 <LI><a href="#[15]">SystemInit</a> from system_ciu32f003.o(.text.SystemInit) referenced from startup_ciu32f003.o(.text)
 <LI><a href="#[c]">TIM1_BRK_UP_TRG_COM_IRQHandler</a> from startup_ciu32f003.o(.text) referenced from startup_ciu32f003.o(RESET)
 <LI><a href="#[d]">TIM1_CC_IRQHandler</a> from startup_ciu32f003.o(.text) referenced from startup_ciu32f003.o(RESET)
 <LI><a href="#[e]">TIM3_IRQHandler</a> from startup_ciu32f003.o(.text) referenced from startup_ciu32f003.o(RESET)
 <LI><a href="#[12]">UART1_IRQHandler</a> from startup_ciu32f003.o(.text) referenced from startup_ciu32f003.o(RESET)
 <LI><a href="#[13]">UART2_IRQHandler</a> from startup_ciu32f003.o(.text) referenced from startup_ciu32f003.o(RESET)
 <LI><a href="#[16]">__main</a> from entry.o(.ARM.Collect$$$$00000000) referenced from startup_ciu32f003.o(.text)
 <LI><a href="#[14]">main</a> from main.o(.text.main) referenced from entry9a.o(.ARM.Collect$$$$0000000B)
</UL>
<P>
<H3>
Global Symbols
</H3>
<P><STRONG><a name="[16]"></a>__main</STRONG> (Thumb, 0 bytes, Stack size unknown bytes, entry.o(.ARM.Collect$$$$00000000))
<BR>[Address Reference Count : 1]<UL><LI> startup_ciu32f003.o(.text)
</UL>
<P><STRONG><a name="[45]"></a>_main_stk</STRONG> (Thumb, 0 bytes, Stack size unknown bytes, entry2.o(.ARM.Collect$$$$00000001))

<P><STRONG><a name="[17]"></a>_main_scatterload</STRONG> (Thumb, 0 bytes, Stack size unknown bytes, entry5.o(.ARM.Collect$$$$00000004))
<BR><BR>[Calls]<UL><LI><a href="#[18]">&gt;&gt;</a>&nbsp;&nbsp;&nbsp;__scatterload
</UL>

<P><STRONG><a name="[1c]"></a>__main_after_scatterload</STRONG> (Thumb, 0 bytes, Stack size unknown bytes, entry5.o(.ARM.Collect$$$$00000004))
<BR><BR>[Called By]<UL><LI><a href="#[18]">&gt;&gt;</a>&nbsp;&nbsp;&nbsp;__scatterload
</UL>

<P><STRONG><a name="[46]"></a>_main_clock</STRONG> (Thumb, 0 bytes, Stack size unknown bytes, entry7b.o(.ARM.Collect$$$$00000008))

<P><STRONG><a name="[47]"></a>_main_cpp_init</STRONG> (Thumb, 0 bytes, Stack size unknown bytes, entry8b.o(.ARM.Collect$$$$0000000A))

<P><STRONG><a name="[48]"></a>_main_init</STRONG> (Thumb, 0 bytes, Stack size unknown bytes, entry9a.o(.ARM.Collect$$$$0000000B))

<P><STRONG><a name="[49]"></a>__rt_final_cpp</STRONG> (Thumb, 0 bytes, Stack size unknown bytes, entry10a.o(.ARM.Collect$$$$0000000D))

<P><STRONG><a name="[4a]"></a>__rt_final_exit</STRONG> (Thumb, 0 bytes, Stack size unknown bytes, entry11a.o(.ARM.Collect$$$$0000000F))

<P><STRONG><a name="[0]"></a>Reset_Handler</STRONG> (Thumb, 8 bytes, Stack size 0 bytes, startup_ciu32f003.o(.text))
<BR>[Address Reference Count : 1]<UL><LI> startup_ciu32f003.o(RESET)
</UL>
<P><STRONG><a name="[1]"></a>NMI_Handler</STRONG> (Thumb, 2 bytes, Stack size 0 bytes, startup_ciu32f003.o(.text))
<BR><BR>[Calls]<UL><LI><a href="#[1]">&gt;&gt;</a>&nbsp;&nbsp;&nbsp;NMI_Handler
</UL>
<BR>[Called By]<UL><LI><a href="#[1]">&gt;&gt;</a>&nbsp;&nbsp;&nbsp;NMI_Handler
</UL>
<BR>[Address Reference Count : 1]<UL><LI> startup_ciu32f003.o(RESET)
</UL>
<P><STRONG><a name="[2]"></a>HardFault_Handler</STRONG> (Thumb, 2 bytes, Stack size 0 bytes, startup_ciu32f003.o(.text))
<BR><BR>[Calls]<UL><LI><a href="#[2]">&gt;&gt;</a>&nbsp;&nbsp;&nbsp;HardFault_Handler
</UL>
<BR>[Called By]<UL><LI><a href="#[2]">&gt;&gt;</a>&nbsp;&nbsp;&nbsp;HardFault_Handler
</UL>
<BR>[Address Reference Count : 1]<UL><LI> startup_ciu32f003.o(RESET)
</UL>
<P><STRONG><a name="[3]"></a>SVC_Handler</STRONG> (Thumb, 2 bytes, Stack size 0 bytes, startup_ciu32f003.o(.text))
<BR><BR>[Calls]<UL><LI><a href="#[3]">&gt;&gt;</a>&nbsp;&nbsp;&nbsp;SVC_Handler
</UL>
<BR>[Called By]<UL><LI><a href="#[3]">&gt;&gt;</a>&nbsp;&nbsp;&nbsp;SVC_Handler
</UL>
<BR>[Address Reference Count : 1]<UL><LI> startup_ciu32f003.o(RESET)
</UL>
<P><STRONG><a name="[4]"></a>PendSV_Handler</STRONG> (Thumb, 2 bytes, Stack size 0 bytes, startup_ciu32f003.o(.text))
<BR><BR>[Calls]<UL><LI><a href="#[4]">&gt;&gt;</a>&nbsp;&nbsp;&nbsp;PendSV_Handler
</UL>
<BR>[Called By]<UL><LI><a href="#[4]">&gt;&gt;</a>&nbsp;&nbsp;&nbsp;PendSV_Handler
</UL>
<BR>[Address Reference Count : 1]<UL><LI> startup_ciu32f003.o(RESET)
</UL>
<P><STRONG><a name="[5]"></a>SysTick_Handler</STRONG> (Thumb, 2 bytes, Stack size 0 bytes, startup_ciu32f003.o(.text))
<BR><BR>[Calls]<UL><LI><a href="#[5]">&gt;&gt;</a>&nbsp;&nbsp;&nbsp;SysTick_Handler
</UL>
<BR>[Called By]<UL><LI><a href="#[5]">&gt;&gt;</a>&nbsp;&nbsp;&nbsp;SysTick_Handler
</UL>
<BR>[Address Reference Count : 1]<UL><LI> startup_ciu32f003.o(RESET)
</UL>
<P><STRONG><a name="[b]"></a>ADC_COMP_IRQHandler</STRONG> (Thumb, 0 bytes, Stack size 0 bytes, startup_ciu32f003.o(.text))
<BR><BR>[Calls]<UL><LI><a href="#[b]">&gt;&gt;</a>&nbsp;&nbsp;&nbsp;ADC_COMP_IRQHandler
</UL>
<BR>[Called By]<UL><LI><a href="#[b]">&gt;&gt;</a>&nbsp;&nbsp;&nbsp;ADC_COMP_IRQHandler
</UL>
<BR>[Address Reference Count : 1]<UL><LI> startup_ciu32f003.o(RESET)
</UL>
<P><STRONG><a name="[8]"></a>EXTI0_1_IRQHandler</STRONG> (Thumb, 0 bytes, Stack size 0 bytes, startup_ciu32f003.o(.text))
<BR>[Address Reference Count : 1]<UL><LI> startup_ciu32f003.o(RESET)
</UL>
<P><STRONG><a name="[9]"></a>EXTI2_3_IRQHandler</STRONG> (Thumb, 0 bytes, Stack size 0 bytes, startup_ciu32f003.o(.text))
<BR>[Address Reference Count : 1]<UL><LI> startup_ciu32f003.o(RESET)
</UL>
<P><STRONG><a name="[a]"></a>EXTI4_7_IRQHandler</STRONG> (Thumb, 0 bytes, Stack size 0 bytes, startup_ciu32f003.o(.text))
<BR>[Address Reference Count : 1]<UL><LI> startup_ciu32f003.o(RESET)
</UL>
<P><STRONG><a name="[6]"></a>FLASH_IRQHandler</STRONG> (Thumb, 0 bytes, Stack size 0 bytes, startup_ciu32f003.o(.text))
<BR>[Address Reference Count : 1]<UL><LI> startup_ciu32f003.o(RESET)
</UL>
<P><STRONG><a name="[10]"></a>I2C1_IRQHandler</STRONG> (Thumb, 0 bytes, Stack size 0 bytes, startup_ciu32f003.o(.text))
<BR>[Address Reference Count : 1]<UL><LI> startup_ciu32f003.o(RESET)
</UL>
<P><STRONG><a name="[f]"></a>LPTIM1_IRQHandler</STRONG> (Thumb, 0 bytes, Stack size 0 bytes, startup_ciu32f003.o(.text))
<BR>[Address Reference Count : 1]<UL><LI> startup_ciu32f003.o(RESET)
</UL>
<P><STRONG><a name="[7]"></a>RCC_IRQHandler</STRONG> (Thumb, 0 bytes, Stack size 0 bytes, startup_ciu32f003.o(.text))
<BR>[Address Reference Count : 1]<UL><LI> startup_ciu32f003.o(RESET)
</UL>
<P><STRONG><a name="[11]"></a>SPI1_IRQHandler</STRONG> (Thumb, 0 bytes, Stack size 0 bytes, startup_ciu32f003.o(.text))
<BR>[Address Reference Count : 1]<UL><LI> startup_ciu32f003.o(RESET)
</UL>
<P><STRONG><a name="[c]"></a>TIM1_BRK_UP_TRG_COM_IRQHandler</STRONG> (Thumb, 0 bytes, Stack size 0 bytes, startup_ciu32f003.o(.text))
<BR>[Address Reference Count : 1]<UL><LI> startup_ciu32f003.o(RESET)
</UL>
<P><STRONG><a name="[d]"></a>TIM1_CC_IRQHandler</STRONG> (Thumb, 0 bytes, Stack size 0 bytes, startup_ciu32f003.o(.text))
<BR>[Address Reference Count : 1]<UL><LI> startup_ciu32f003.o(RESET)
</UL>
<P><STRONG><a name="[e]"></a>TIM3_IRQHandler</STRONG> (Thumb, 0 bytes, Stack size 0 bytes, startup_ciu32f003.o(.text))
<BR>[Address Reference Count : 1]<UL><LI> startup_ciu32f003.o(RESET)
</UL>
<P><STRONG><a name="[12]"></a>UART1_IRQHandler</STRONG> (Thumb, 0 bytes, Stack size 0 bytes, startup_ciu32f003.o(.text))
<BR>[Address Reference Count : 1]<UL><LI> startup_ciu32f003.o(RESET)
</UL>
<P><STRONG><a name="[13]"></a>UART2_IRQHandler</STRONG> (Thumb, 0 bytes, Stack size 0 bytes, startup_ciu32f003.o(.text))
<BR>[Address Reference Count : 1]<UL><LI> startup_ciu32f003.o(RESET)
</UL>
<P><STRONG><a name="[27]"></a>__aeabi_memcpy</STRONG> (Thumb, 36 bytes, Stack size 0 bytes, memcpya.o(.text))
<BR><BR>[Called By]<UL><LI><a href="#[20]">&gt;&gt;</a>&nbsp;&nbsp;&nbsp;JPA_Load
</UL>

<P><STRONG><a name="[4b]"></a>__aeabi_memcpy4</STRONG> (Thumb, 0 bytes, Stack size 0 bytes, memcpya.o(.text), UNUSED)

<P><STRONG><a name="[4c]"></a>__aeabi_memcpy8</STRONG> (Thumb, 0 bytes, Stack size 0 bytes, memcpya.o(.text), UNUSED)

<P><STRONG><a name="[1a]"></a>__aeabi_memset</STRONG> (Thumb, 14 bytes, Stack size 0 bytes, memseta.o(.text))
<BR><BR>[Called By]<UL><LI><a href="#[1b]">&gt;&gt;</a>&nbsp;&nbsp;&nbsp;_memset$wrapper
<LI><a href="#[19]">&gt;&gt;</a>&nbsp;&nbsp;&nbsp;__aeabi_memclr
</UL>

<P><STRONG><a name="[4d]"></a>__aeabi_memset4</STRONG> (Thumb, 0 bytes, Stack size 0 bytes, memseta.o(.text), UNUSED)

<P><STRONG><a name="[4e]"></a>__aeabi_memset8</STRONG> (Thumb, 0 bytes, Stack size 0 bytes, memseta.o(.text), UNUSED)

<P><STRONG><a name="[19]"></a>__aeabi_memclr</STRONG> (Thumb, 4 bytes, Stack size 0 bytes, memseta.o(.text))
<BR><BR>[Calls]<UL><LI><a href="#[1a]">&gt;&gt;</a>&nbsp;&nbsp;&nbsp;__aeabi_memset
</UL>
<BR>[Called By]<UL><LI><a href="#[1d]">&gt;&gt;</a>&nbsp;&nbsp;&nbsp;ConfigRepo_FactoryReset
</UL>

<P><STRONG><a name="[4f]"></a>__aeabi_memclr4</STRONG> (Thumb, 0 bytes, Stack size 0 bytes, memseta.o(.text), UNUSED)

<P><STRONG><a name="[50]"></a>__aeabi_memclr8</STRONG> (Thumb, 0 bytes, Stack size 0 bytes, memseta.o(.text), UNUSED)

<P><STRONG><a name="[1b]"></a>_memset$wrapper</STRONG> (Thumb, 18 bytes, Stack size 8 bytes, memseta.o(.text), UNUSED)
<BR><BR>[Calls]<UL><LI><a href="#[1a]">&gt;&gt;</a>&nbsp;&nbsp;&nbsp;__aeabi_memset
</UL>

<P><STRONG><a name="[28]"></a>memcmp</STRONG> (Thumb, 26 bytes, Stack size 12 bytes, memcmp.o(.text))
<BR><BR>[Stack]<UL><LI>Max Depth = 12<LI>Call Chain = memcmp
</UL>
<BR>[Called By]<UL><LI><a href="#[22]">&gt;&gt;</a>&nbsp;&nbsp;&nbsp;JPA_Save
</UL>

<P><STRONG><a name="[39]"></a>__aeabi_uidiv</STRONG> (Thumb, 0 bytes, Stack size 16 bytes, uidiv_div0.o(.text))
<BR><BR>[Stack]<UL><LI>Max Depth = 16<LI>Call Chain = __aeabi_uidiv
</UL>
<BR>[Called By]<UL><LI><a href="#[38]">&gt;&gt;</a>&nbsp;&nbsp;&nbsp;std_delayus
</UL>

<P><STRONG><a name="[51]"></a>__aeabi_uidivmod</STRONG> (Thumb, 62 bytes, Stack size 16 bytes, uidiv_div0.o(.text), UNUSED)

<P><STRONG><a name="[18]"></a>__scatterload</STRONG> (Thumb, 38 bytes, Stack size 0 bytes, init.o(.text))
<BR><BR>[Calls]<UL><LI><a href="#[1c]">&gt;&gt;</a>&nbsp;&nbsp;&nbsp;__main_after_scatterload
</UL>
<BR>[Called By]<UL><LI><a href="#[17]">&gt;&gt;</a>&nbsp;&nbsp;&nbsp;_main_scatterload
</UL>

<P><STRONG><a name="[52]"></a>__scatterload_rt2</STRONG> (Thumb, 0 bytes, Stack size 0 bytes, init.o(.text), UNUSED)

<P><STRONG><a name="[1d]"></a>ConfigRepo_FactoryReset</STRONG> (Thumb, 40 bytes, Stack size 16 bytes, app_config_repo.o(.text.ConfigRepo_FactoryReset))
<BR><BR>[Stack]<UL><LI>Max Depth = 124<LI>Call Chain = ConfigRepo_FactoryReset &rArr; ConfigRepo_Save &rArr; JPA_Save &rArr; Drv_Flash_WriteWord &rArr; _ISP_ProgramWord
</UL>
<BR>[Calls]<UL><LI><a href="#[19]">&gt;&gt;</a>&nbsp;&nbsp;&nbsp;__aeabi_memclr
<LI><a href="#[1e]">&gt;&gt;</a>&nbsp;&nbsp;&nbsp;ConfigRepo_Save
</UL>
<BR>[Called By]<UL><LI><a href="#[1f]">&gt;&gt;</a>&nbsp;&nbsp;&nbsp;ConfigRepo_Init
</UL>

<P><STRONG><a name="[1f]"></a>ConfigRepo_Init</STRONG> (Thumb, 64 bytes, Stack size 16 bytes, app_config_repo.o(.text.ConfigRepo_Init))
<BR><BR>[Stack]<UL><LI>Max Depth = 140<LI>Call Chain = ConfigRepo_Init &rArr; ConfigRepo_FactoryReset &rArr; ConfigRepo_Save &rArr; JPA_Save &rArr; Drv_Flash_WriteWord &rArr; _ISP_ProgramWord
</UL>
<BR>[Calls]<UL><LI><a href="#[20]">&gt;&gt;</a>&nbsp;&nbsp;&nbsp;JPA_Load
<LI><a href="#[1d]">&gt;&gt;</a>&nbsp;&nbsp;&nbsp;ConfigRepo_FactoryReset
<LI><a href="#[21]">&gt;&gt;</a>&nbsp;&nbsp;&nbsp;_CalcChecksum
</UL>
<BR>[Called By]<UL><LI><a href="#[14]">&gt;&gt;</a>&nbsp;&nbsp;&nbsp;main
</UL>

<P><STRONG><a name="[1e]"></a>ConfigRepo_Save</STRONG> (Thumb, 60 bytes, Stack size 16 bytes, app_config_repo.o(.text.ConfigRepo_Save))
<BR><BR>[Stack]<UL><LI>Max Depth = 108<LI>Call Chain = ConfigRepo_Save &rArr; JPA_Save &rArr; Drv_Flash_WriteWord &rArr; _ISP_ProgramWord
</UL>
<BR>[Calls]<UL><LI><a href="#[22]">&gt;&gt;</a>&nbsp;&nbsp;&nbsp;JPA_Save
<LI><a href="#[21]">&gt;&gt;</a>&nbsp;&nbsp;&nbsp;_CalcChecksum
</UL>
<BR>[Called By]<UL><LI><a href="#[14]">&gt;&gt;</a>&nbsp;&nbsp;&nbsp;main
<LI><a href="#[1d]">&gt;&gt;</a>&nbsp;&nbsp;&nbsp;ConfigRepo_FactoryReset
</UL>

<P><STRONG><a name="[23]"></a>Drv_Flash_ErasePage</STRONG> (Thumb, 16 bytes, Stack size 16 bytes, drv_flash.o(.text.Drv_Flash_ErasePage))
<BR><BR>[Stack]<UL><LI>Max Depth = 24<LI>Call Chain = Drv_Flash_ErasePage &rArr; _ISP_ErasePage
</UL>
<BR>[Calls]<UL><LI><a href="#[24]">&gt;&gt;</a>&nbsp;&nbsp;&nbsp;_ISP_ErasePage
</UL>
<BR>[Called By]<UL><LI><a href="#[22]">&gt;&gt;</a>&nbsp;&nbsp;&nbsp;JPA_Save
</UL>

<P><STRONG><a name="[25]"></a>Drv_Flash_WriteWord</STRONG> (Thumb, 50 bytes, Stack size 24 bytes, drv_flash.o(.text.Drv_Flash_WriteWord))
<BR><BR>[Stack]<UL><LI>Max Depth = 36<LI>Call Chain = Drv_Flash_WriteWord &rArr; _ISP_ProgramWord
</UL>
<BR>[Calls]<UL><LI><a href="#[26]">&gt;&gt;</a>&nbsp;&nbsp;&nbsp;_ISP_ProgramWord
</UL>
<BR>[Called By]<UL><LI><a href="#[22]">&gt;&gt;</a>&nbsp;&nbsp;&nbsp;JPA_Save
</UL>

<P><STRONG><a name="[20]"></a>JPA_Load</STRONG> (Thumb, 24 bytes, Stack size 24 bytes, lib_flash_jpa.o(.text.JPA_Load))
<BR><BR>[Stack]<UL><LI>Max Depth = 24<LI>Call Chain = JPA_Load
</UL>
<BR>[Calls]<UL><LI><a href="#[27]">&gt;&gt;</a>&nbsp;&nbsp;&nbsp;__aeabi_memcpy
</UL>
<BR>[Called By]<UL><LI><a href="#[1f]">&gt;&gt;</a>&nbsp;&nbsp;&nbsp;ConfigRepo_Init
</UL>

<P><STRONG><a name="[22]"></a>JPA_Save</STRONG> (Thumb, 250 bytes, Stack size 56 bytes, lib_flash_jpa.o(.text.JPA_Save))
<BR><BR>[Stack]<UL><LI>Max Depth = 92<LI>Call Chain = JPA_Save &rArr; Drv_Flash_WriteWord &rArr; _ISP_ProgramWord
</UL>
<BR>[Calls]<UL><LI><a href="#[28]">&gt;&gt;</a>&nbsp;&nbsp;&nbsp;memcmp
<LI><a href="#[29]">&gt;&gt;</a>&nbsp;&nbsp;&nbsp;_align_up_4
<LI><a href="#[25]">&gt;&gt;</a>&nbsp;&nbsp;&nbsp;Drv_Flash_WriteWord
<LI><a href="#[23]">&gt;&gt;</a>&nbsp;&nbsp;&nbsp;Drv_Flash_ErasePage
</UL>
<BR>[Called By]<UL><LI><a href="#[1e]">&gt;&gt;</a>&nbsp;&nbsp;&nbsp;ConfigRepo_Save
</UL>

<P><STRONG><a name="[35]"></a>Service_GetLedMode</STRONG> (Thumb, 8 bytes, Stack size 0 bytes, app_config_repo.o(.text.Service_GetLedMode))
<BR><BR>[Called By]<UL><LI><a href="#[14]">&gt;&gt;</a>&nbsp;&nbsp;&nbsp;main
</UL>

<P><STRONG><a name="[36]"></a>Service_SetLedMode</STRONG> (Thumb, 36 bytes, Stack size 4 bytes, app_config_repo.o(.text.Service_SetLedMode))
<BR><BR>[Stack]<UL><LI>Max Depth = 4<LI>Call Chain = Service_SetLedMode
</UL>
<BR>[Called By]<UL><LI><a href="#[14]">&gt;&gt;</a>&nbsp;&nbsp;&nbsp;main
</UL>

<P><STRONG><a name="[15]"></a>SystemInit</STRONG> (Thumb, 16 bytes, Stack size 0 bytes, system_ciu32f003.o(.text.SystemInit))
<BR>[Address Reference Count : 1]<UL><LI> startup_ciu32f003.o(.text)
</UL>
<P><STRONG><a name="[2a]"></a>drv_led_init</STRONG> (Thumb, 52 bytes, Stack size 40 bytes, drv_led.o(.text.drv_led_init))
<BR><BR>[Stack]<UL><LI>Max Depth = 76<LI>Call Chain = drv_led_init &rArr; std_gpio_init &rArr; std_gpio_set_pin_output_type
</UL>
<BR>[Calls]<UL><LI><a href="#[2c]">&gt;&gt;</a>&nbsp;&nbsp;&nbsp;std_gpio_init
<LI><a href="#[2b]">&gt;&gt;</a>&nbsp;&nbsp;&nbsp;std_rcc_gpio_clk_enable
</UL>
<BR>[Called By]<UL><LI><a href="#[14]">&gt;&gt;</a>&nbsp;&nbsp;&nbsp;main
</UL>

<P><STRONG><a name="[2d]"></a>drv_led_off</STRONG> (Thumb, 12 bytes, Stack size 8 bytes, drv_led.o(.text.drv_led_off))
<BR><BR>[Stack]<UL><LI>Max Depth = 16<LI>Call Chain = drv_led_off &rArr; std_gpio_set_pin
</UL>
<BR>[Calls]<UL><LI><a href="#[2e]">&gt;&gt;</a>&nbsp;&nbsp;&nbsp;std_gpio_set_pin
</UL>
<BR>[Called By]<UL><LI><a href="#[14]">&gt;&gt;</a>&nbsp;&nbsp;&nbsp;main
</UL>

<P><STRONG><a name="[2f]"></a>drv_led_on</STRONG> (Thumb, 12 bytes, Stack size 8 bytes, drv_led.o(.text.drv_led_on))
<BR><BR>[Stack]<UL><LI>Max Depth = 16<LI>Call Chain = drv_led_on &rArr; std_gpio_reset_pin
</UL>
<BR>[Calls]<UL><LI><a href="#[30]">&gt;&gt;</a>&nbsp;&nbsp;&nbsp;std_gpio_reset_pin
</UL>
<BR>[Called By]<UL><LI><a href="#[14]">&gt;&gt;</a>&nbsp;&nbsp;&nbsp;main
</UL>

<P><STRONG><a name="[31]"></a>drv_led_toggle</STRONG> (Thumb, 12 bytes, Stack size 8 bytes, drv_led.o(.text.drv_led_toggle))
<BR><BR>[Stack]<UL><LI>Max Depth = 16<LI>Call Chain = drv_led_toggle &rArr; std_gpio_toggle_pin
</UL>
<BR>[Calls]<UL><LI><a href="#[32]">&gt;&gt;</a>&nbsp;&nbsp;&nbsp;std_gpio_toggle_pin
</UL>
<BR>[Called By]<UL><LI><a href="#[14]">&gt;&gt;</a>&nbsp;&nbsp;&nbsp;main
</UL>

<P><STRONG><a name="[14]"></a>main</STRONG> (Thumb, 120 bytes, Stack size 24 bytes, main.o(.text.main))
<BR><BR>[Stack]<UL><LI>Max Depth = 164<LI>Call Chain = main &rArr; ConfigRepo_Init &rArr; ConfigRepo_FactoryReset &rArr; ConfigRepo_Save &rArr; JPA_Save &rArr; Drv_Flash_WriteWord &rArr; _ISP_ProgramWord
</UL>
<BR>[Calls]<UL><LI><a href="#[37]">&gt;&gt;</a>&nbsp;&nbsp;&nbsp;std_delayms
<LI><a href="#[31]">&gt;&gt;</a>&nbsp;&nbsp;&nbsp;drv_led_toggle
<LI><a href="#[2d]">&gt;&gt;</a>&nbsp;&nbsp;&nbsp;drv_led_off
<LI><a href="#[2f]">&gt;&gt;</a>&nbsp;&nbsp;&nbsp;drv_led_on
<LI><a href="#[2a]">&gt;&gt;</a>&nbsp;&nbsp;&nbsp;drv_led_init
<LI><a href="#[34]">&gt;&gt;</a>&nbsp;&nbsp;&nbsp;std_delay_init
<LI><a href="#[33]">&gt;&gt;</a>&nbsp;&nbsp;&nbsp;system_clock_config
<LI><a href="#[36]">&gt;&gt;</a>&nbsp;&nbsp;&nbsp;Service_SetLedMode
<LI><a href="#[35]">&gt;&gt;</a>&nbsp;&nbsp;&nbsp;Service_GetLedMode
<LI><a href="#[1f]">&gt;&gt;</a>&nbsp;&nbsp;&nbsp;ConfigRepo_Init
<LI><a href="#[1e]">&gt;&gt;</a>&nbsp;&nbsp;&nbsp;ConfigRepo_Save
</UL>
<BR>[Address Reference Count : 1]<UL><LI> entry9a.o(.ARM.Collect$$$$0000000B)
</UL>
<P><STRONG><a name="[34]"></a>std_delay_init</STRONG> (Thumb, 20 bytes, Stack size 0 bytes, ciu32f003_std.o(.text.std_delay_init))
<BR><BR>[Called By]<UL><LI><a href="#[14]">&gt;&gt;</a>&nbsp;&nbsp;&nbsp;main
</UL>

<P><STRONG><a name="[37]"></a>std_delayms</STRONG> (Thumb, 34 bytes, Stack size 16 bytes, ciu32f003_std.o(.text.std_delayms))
<BR><BR>[Stack]<UL><LI>Max Depth = 48<LI>Call Chain = std_delayms &rArr; std_delayus &rArr; __aeabi_uidiv
</UL>
<BR>[Calls]<UL><LI><a href="#[38]">&gt;&gt;</a>&nbsp;&nbsp;&nbsp;std_delayus
</UL>
<BR>[Called By]<UL><LI><a href="#[14]">&gt;&gt;</a>&nbsp;&nbsp;&nbsp;main
</UL>

<P><STRONG><a name="[38]"></a>std_delayus</STRONG> (Thumb, 88 bytes, Stack size 16 bytes, ciu32f003_std.o(.text.std_delayus))
<BR><BR>[Stack]<UL><LI>Max Depth = 32<LI>Call Chain = std_delayus &rArr; __aeabi_uidiv
</UL>
<BR>[Calls]<UL><LI><a href="#[39]">&gt;&gt;</a>&nbsp;&nbsp;&nbsp;__aeabi_uidiv
</UL>
<BR>[Called By]<UL><LI><a href="#[37]">&gt;&gt;</a>&nbsp;&nbsp;&nbsp;std_delayms
</UL>

<P><STRONG><a name="[2c]"></a>std_gpio_init</STRONG> (Thumb, 150 bytes, Stack size 24 bytes, ciu32f003_std_gpio.o(.text.std_gpio_init))
<BR><BR>[Stack]<UL><LI>Max Depth = 36<LI>Call Chain = std_gpio_init &rArr; std_gpio_set_pin_output_type
</UL>
<BR>[Calls]<UL><LI><a href="#[3d]">&gt;&gt;</a>&nbsp;&nbsp;&nbsp;std_gpio_set_pin_output_type
<LI><a href="#[3c]">&gt;&gt;</a>&nbsp;&nbsp;&nbsp;std_gpio_set_afpin_0_7
<LI><a href="#[3b]">&gt;&gt;</a>&nbsp;&nbsp;&nbsp;std_gpio_set_pin_pull
<LI><a href="#[3a]">&gt;&gt;</a>&nbsp;&nbsp;&nbsp;std_gpio_set_pin_mode
</UL>
<BR>[Called By]<UL><LI><a href="#[2a]">&gt;&gt;</a>&nbsp;&nbsp;&nbsp;drv_led_init
</UL>

<P><STRONG><a name="[33]"></a>system_clock_config</STRONG> (Thumb, 76 bytes, Stack size 16 bytes, drv_clock.o(.text.system_clock_config))
<BR><BR>[Stack]<UL><LI>Max Depth = 20<LI>Call Chain = system_clock_config &rArr; std_rcc_set_apbdiv
</UL>
<BR>[Calls]<UL><LI><a href="#[44]">&gt;&gt;</a>&nbsp;&nbsp;&nbsp;std_rcc_set_apbdiv
<LI><a href="#[43]">&gt;&gt;</a>&nbsp;&nbsp;&nbsp;std_rcc_set_ahbdiv
<LI><a href="#[42]">&gt;&gt;</a>&nbsp;&nbsp;&nbsp;std_rcc_get_sysclk_source
<LI><a href="#[41]">&gt;&gt;</a>&nbsp;&nbsp;&nbsp;std_rcc_set_sysclk_source
<LI><a href="#[40]">&gt;&gt;</a>&nbsp;&nbsp;&nbsp;std_rcc_get_rch_ready
<LI><a href="#[3f]">&gt;&gt;</a>&nbsp;&nbsp;&nbsp;std_rcc_rch_enable
<LI><a href="#[3e]">&gt;&gt;</a>&nbsp;&nbsp;&nbsp;std_flash_set_latency
</UL>
<BR>[Called By]<UL><LI><a href="#[14]">&gt;&gt;</a>&nbsp;&nbsp;&nbsp;main
</UL>

<P><STRONG><a name="[53]"></a>__scatterload_copy</STRONG> (Thumb, 14 bytes, Stack size unknown bytes, handlers.o(i.__scatterload_copy), UNUSED)

<P><STRONG><a name="[54]"></a>__scatterload_null</STRONG> (Thumb, 2 bytes, Stack size unknown bytes, handlers.o(i.__scatterload_null), UNUSED)

<P><STRONG><a name="[55]"></a>__scatterload_zeroinit</STRONG> (Thumb, 14 bytes, Stack size unknown bytes, handlers.o(i.__scatterload_zeroinit), UNUSED)
<P>
<H3>
Local Symbols
</H3>
<P><STRONG><a name="[21]"></a>_CalcChecksum</STRONG> (Thumb, 58 bytes, Stack size 16 bytes, app_config_repo.o(.text._CalcChecksum))
<BR><BR>[Stack]<UL><LI>Max Depth = 16<LI>Call Chain = _CalcChecksum
</UL>
<BR>[Called By]<UL><LI><a href="#[1f]">&gt;&gt;</a>&nbsp;&nbsp;&nbsp;ConfigRepo_Init
<LI><a href="#[1e]">&gt;&gt;</a>&nbsp;&nbsp;&nbsp;ConfigRepo_Save
</UL>

<P><STRONG><a name="[3e]"></a>std_flash_set_latency</STRONG> (Thumb, 24 bytes, Stack size 4 bytes, drv_clock.o(.text.std_flash_set_latency))
<BR><BR>[Stack]<UL><LI>Max Depth = 4<LI>Call Chain = std_flash_set_latency
</UL>
<BR>[Called By]<UL><LI><a href="#[33]">&gt;&gt;</a>&nbsp;&nbsp;&nbsp;system_clock_config
</UL>

<P><STRONG><a name="[3f]"></a>std_rcc_rch_enable</STRONG> (Thumb, 16 bytes, Stack size 0 bytes, drv_clock.o(.text.std_rcc_rch_enable))
<BR><BR>[Called By]<UL><LI><a href="#[33]">&gt;&gt;</a>&nbsp;&nbsp;&nbsp;system_clock_config
</UL>

<P><STRONG><a name="[40]"></a>std_rcc_get_rch_ready</STRONG> (Thumb, 12 bytes, Stack size 0 bytes, drv_clock.o(.text.std_rcc_get_rch_ready))
<BR><BR>[Called By]<UL><LI><a href="#[33]">&gt;&gt;</a>&nbsp;&nbsp;&nbsp;system_clock_config
</UL>

<P><STRONG><a name="[41]"></a>std_rcc_set_sysclk_source</STRONG> (Thumb, 24 bytes, Stack size 4 bytes, drv_clock.o(.text.std_rcc_set_sysclk_source))
<BR><BR>[Stack]<UL><LI>Max Depth = 4<LI>Call Chain = std_rcc_set_sysclk_source
</UL>
<BR>[Called By]<UL><LI><a href="#[33]">&gt;&gt;</a>&nbsp;&nbsp;&nbsp;system_clock_config
</UL>

<P><STRONG><a name="[42]"></a>std_rcc_get_sysclk_source</STRONG> (Thumb, 12 bytes, Stack size 0 bytes, drv_clock.o(.text.std_rcc_get_sysclk_source))
<BR><BR>[Called By]<UL><LI><a href="#[33]">&gt;&gt;</a>&nbsp;&nbsp;&nbsp;system_clock_config
</UL>

<P><STRONG><a name="[43]"></a>std_rcc_set_ahbdiv</STRONG> (Thumb, 24 bytes, Stack size 4 bytes, drv_clock.o(.text.std_rcc_set_ahbdiv))
<BR><BR>[Stack]<UL><LI>Max Depth = 4<LI>Call Chain = std_rcc_set_ahbdiv
</UL>
<BR>[Called By]<UL><LI><a href="#[33]">&gt;&gt;</a>&nbsp;&nbsp;&nbsp;system_clock_config
</UL>

<P><STRONG><a name="[44]"></a>std_rcc_set_apbdiv</STRONG> (Thumb, 24 bytes, Stack size 4 bytes, drv_clock.o(.text.std_rcc_set_apbdiv))
<BR><BR>[Stack]<UL><LI>Max Depth = 4<LI>Call Chain = std_rcc_set_apbdiv
</UL>
<BR>[Called By]<UL><LI><a href="#[33]">&gt;&gt;</a>&nbsp;&nbsp;&nbsp;system_clock_config
</UL>

<P><STRONG><a name="[24]"></a>_ISP_ErasePage</STRONG> (Thumb, 148 bytes, Stack size 8 bytes, drv_flash.o(.ramfunc))
<BR><BR>[Stack]<UL><LI>Max Depth = 8<LI>Call Chain = _ISP_ErasePage
</UL>
<BR>[Called By]<UL><LI><a href="#[23]">&gt;&gt;</a>&nbsp;&nbsp;&nbsp;Drv_Flash_ErasePage
</UL>

<P><STRONG><a name="[26]"></a>_ISP_ProgramWord</STRONG> (Thumb, 180 bytes, Stack size 12 bytes, drv_flash.o(.ramfunc))
<BR><BR>[Stack]<UL><LI>Max Depth = 12<LI>Call Chain = _ISP_ProgramWord
</UL>
<BR>[Called By]<UL><LI><a href="#[25]">&gt;&gt;</a>&nbsp;&nbsp;&nbsp;Drv_Flash_WriteWord
</UL>

<P><STRONG><a name="[2b]"></a>std_rcc_gpio_clk_enable</STRONG> (Thumb, 24 bytes, Stack size 4 bytes, drv_led.o(.text.std_rcc_gpio_clk_enable))
<BR><BR>[Stack]<UL><LI>Max Depth = 4<LI>Call Chain = std_rcc_gpio_clk_enable
</UL>
<BR>[Called By]<UL><LI><a href="#[2a]">&gt;&gt;</a>&nbsp;&nbsp;&nbsp;drv_led_init
</UL>

<P><STRONG><a name="[30]"></a>std_gpio_reset_pin</STRONG> (Thumb, 16 bytes, Stack size 8 bytes, drv_led.o(.text.std_gpio_reset_pin))
<BR><BR>[Stack]<UL><LI>Max Depth = 8<LI>Call Chain = std_gpio_reset_pin
</UL>
<BR>[Called By]<UL><LI><a href="#[2f]">&gt;&gt;</a>&nbsp;&nbsp;&nbsp;drv_led_on
</UL>

<P><STRONG><a name="[2e]"></a>std_gpio_set_pin</STRONG> (Thumb, 16 bytes, Stack size 8 bytes, drv_led.o(.text.std_gpio_set_pin))
<BR><BR>[Stack]<UL><LI>Max Depth = 8<LI>Call Chain = std_gpio_set_pin
</UL>
<BR>[Called By]<UL><LI><a href="#[2d]">&gt;&gt;</a>&nbsp;&nbsp;&nbsp;drv_led_off
</UL>

<P><STRONG><a name="[32]"></a>std_gpio_toggle_pin</STRONG> (Thumb, 20 bytes, Stack size 8 bytes, drv_led.o(.text.std_gpio_toggle_pin))
<BR><BR>[Stack]<UL><LI>Max Depth = 8<LI>Call Chain = std_gpio_toggle_pin
</UL>
<BR>[Called By]<UL><LI><a href="#[31]">&gt;&gt;</a>&nbsp;&nbsp;&nbsp;drv_led_toggle
</UL>

<P><STRONG><a name="[29]"></a>_align_up_4</STRONG> (Thumb, 16 bytes, Stack size 4 bytes, lib_flash_jpa.o(.text._align_up_4))
<BR><BR>[Stack]<UL><LI>Max Depth = 4<LI>Call Chain = _align_up_4
</UL>
<BR>[Called By]<UL><LI><a href="#[22]">&gt;&gt;</a>&nbsp;&nbsp;&nbsp;JPA_Save
</UL>

<P><STRONG><a name="[3a]"></a>std_gpio_set_pin_mode</STRONG> (Thumb, 36 bytes, Stack size 12 bytes, ciu32f003_std_gpio.o(.text.std_gpio_set_pin_mode))
<BR><BR>[Stack]<UL><LI>Max Depth = 12<LI>Call Chain = std_gpio_set_pin_mode
</UL>
<BR>[Called By]<UL><LI><a href="#[2c]">&gt;&gt;</a>&nbsp;&nbsp;&nbsp;std_gpio_init
</UL>

<P><STRONG><a name="[3b]"></a>std_gpio_set_pin_pull</STRONG> (Thumb, 36 bytes, Stack size 12 bytes, ciu32f003_std_gpio.o(.text.std_gpio_set_pin_pull))
<BR><BR>[Stack]<UL><LI>Max Depth = 12<LI>Call Chain = std_gpio_set_pin_pull
</UL>
<BR>[Called By]<UL><LI><a href="#[2c]">&gt;&gt;</a>&nbsp;&nbsp;&nbsp;std_gpio_init
</UL>

<P><STRONG><a name="[3c]"></a>std_gpio_set_afpin_0_7</STRONG> (Thumb, 38 bytes, Stack size 12 bytes, ciu32f003_std_gpio.o(.text.std_gpio_set_afpin_0_7))
<BR><BR>[Stack]<UL><LI>Max Depth = 12<LI>Call Chain = std_gpio_set_afpin_0_7
</UL>
<BR>[Called By]<UL><LI><a href="#[2c]">&gt;&gt;</a>&nbsp;&nbsp;&nbsp;std_gpio_init
</UL>

<P><STRONG><a name="[3d]"></a>std_gpio_set_pin_output_type</STRONG> (Thumb, 30 bytes, Stack size 12 bytes, ciu32f003_std_gpio.o(.text.std_gpio_set_pin_output_type))
<BR><BR>[Stack]<UL><LI>Max Depth = 12<LI>Call Chain = std_gpio_set_pin_output_type
</UL>
<BR>[Called By]<UL><LI><a href="#[2c]">&gt;&gt;</a>&nbsp;&nbsp;&nbsp;std_gpio_init
</UL>
<P>
<H3>
Undefined Global Symbols
</H3><HR></body></html>
